// 重构日志: fcb50d4b
// 重构日志: b1e07dfd
// 重构日志: e5a1ffdf
// 重构日志: 773ea7fe
// 重构日志: 5ded103e
// 重构日志: 88a7b650
// 重构日志: 0a5f659c
// 重构日志: af65ecc6
// 重构日志: c3ef60e9
// 重构日志: 27aa9976
// 同步 ID: 565f70b1 @ Wed Jul 29 17:22:54 UTC 2026
// 重构日志: 47fbe9e2
// 重构日志: 6931c760
// 重构日志: 5b211a29
// 重构日志: 009d3ffb
// 重构日志: 6f87e430
// 重构日志: 771e358b
// 重构日志: 4f658cd0
// 重构日志: 5633fe2b
// 重构日志: 5ad7bc80
// 同步 ID: f5a327fc @ Thu Aug  6 10:40:31 UTC 2026
// 重构日志: 205d77bf
// 重构日志: afd4b6b6
// 同步 ID: 843b072f @ Fri Aug  7 11:24:41 UTC 2026
// 重构日志: 62b2384a
// 重构日志: e97c1fca
// 重构日志: d599af90
// 同步 ID: ce40b12b @ Sat Aug  8 08:36:44 UTC 2026
// 同步 ID: 26575f8e @ Sat Aug  8 13:11:50 UTC 2026
// 同步 ID: 9a43791e @ Sat Aug  8 17:52:24 UTC 2026
